// Jest Snapshot v1, https://goo.gl/fbAQLP

exports[`NavDrawer should render the Menu item 1`] = `
<NavDrawerItem
  Item={[Function]}
  handleClose={[Function]}
>
  <MockedItem
    close={[Function]}
    icon={[Function]}
    link="/recently-viewed"
    title="recently_viewed_products.title"
  >
    <div>
      <Translate
        className=""
        params={Object {}}
        string="recently_viewed_products.title"
      >
        <span
          className=""
        >
          recently_viewed_products.title
        </span>
      </Translate>
    </div>
  </MockedItem>
</NavDrawerItem>
`;
